2025-12-31 14:40:00,009 INFO o.a.j.u.JMeterUtils: Setting Locale to zh_CN
2025-12-31 14:40:00,019 INFO o.a.j.JMeter: Loading user properties from: D:\jemeter\apache-jmeter-5.6.3\apache-jmeter-5.6.3\bin\user.properties
2025-12-31 14:40:00,019 INFO o.a.j.JMeter: Loading system properties from: D:\jemeter\apache-jmeter-5.6.3\apache-jmeter-5.6.3\bin\system.properties
2025-12-31 14:40:00,024 INFO o.a.j.JMeter: Copyright (c) 1998-2024 The Apache Software Foundation
2025-12-31 14:40:00,024 INFO o.a.j.JMeter: Version 5.6.3
2025-12-31 14:40:00,024 INFO o.a.j.JMeter: java.version=1.8.0_331
2025-12-31 14:40:00,024 INFO o.a.j.JMeter: java.vm.name=Java HotSpot(TM) 64-Bit Server VM
2025-12-31 14:40:00,024 INFO o.a.j.JMeter: os.name=Windows 11
2025-12-31 14:40:00,024 INFO o.a.j.JMeter: os.arch=amd64
2025-12-31 14:40:00,024 INFO o.a.j.JMeter: os.version=10.0
2025-12-31 14:40:00,024 INFO o.a.j.JMeter: file.encoding=GBK
2025-12-31 14:40:00,024 INFO o.a.j.JMeter: java.awt.headless=true
2025-12-31 14:40:00,024 INFO o.a.j.JMeter: Max memory     =1073741824
2025-12-31 14:40:00,024 INFO o.a.j.JMeter: Available Processors =12
2025-12-31 14:40:00,029 INFO o.a.j.JMeter: Default Locale=English (EN)
2025-12-31 14:40:00,029 INFO o.a.j.JMeter: JMeter  Locale=Chinese (China)
2025-12-31 14:40:00,029 INFO o.a.j.JMeter: JMeterHome=D:\jemeter\apache-jmeter-5.6.3\apache-jmeter-5.6.3
2025-12-31 14:40:00,029 INFO o.a.j.JMeter: user.dir  =D:\dify_workflow\jmeter_workspace
2025-12-31 14:40:00,029 INFO o.a.j.JMeter: PWD       =D:\dify_workflow\jmeter_workspace
2025-12-31 14:40:00,030 INFO o.a.j.JMeter: IP: 10.110.32.80 Name: LAPTOP-F02JKN7G FullName: LAPTOP-F02JKN7G
2025-12-31 14:40:00,042 INFO o.a.j.JMeter: Setting property 'jmeter.reportgenerator.outputdir' to:'D:\dify_workflow\jmeter_workspace\login_126.jtl_report'
2025-12-31 14:40:00,046 INFO o.a.j.r.d.ReportGenerator: ReportGenerator will use for Parsing the separator: ','
2025-12-31 14:40:00,046 INFO o.a.j.r.d.ReportGenerator: Will only generate report from results file: login_126.jtl
2025-12-31 14:40:00,046 INFO o.a.j.r.d.ReportGenerator: Reading report generator properties from: D:\jemeter\apache-jmeter-5.6.3\apache-jmeter-5.6.3\bin\reportgenerator.properties
2025-12-31 14:40:00,048 INFO o.a.j.r.d.ReportGenerator: Merging with JMeter properties
2025-12-31 14:40:00,052 INFO o.a.j.r.c.ReportGeneratorConfiguration: Property 'jmeter.reportgenerator.temp_dir' not found, using default value 'temp' instead.
2025-12-31 14:40:00,053 INFO o.a.j.r.c.ReportGeneratorConfiguration: Property 'jmeter.reportgenerator.apdex_per_transaction' not found, using default value 'null' instead.
2025-12-31 14:40:00,058 INFO o.a.j.r.c.ReportGeneratorConfiguration: apdex_per_transaction is empty, not APDEX per transaction customization
2025-12-31 14:40:00,058 INFO o.a.j.r.c.ReportGeneratorConfiguration: Property 'jmeter.reportgenerator.sample_filter' not found, using default value 'null' instead.
2025-12-31 14:40:00,058 INFO o.a.j.r.c.ReportGeneratorConfiguration: Property 'jmeter.reportgenerator.report_title' not found, using default value 'null' instead.
2025-12-31 14:40:00,058 INFO o.a.j.r.c.ReportGeneratorConfiguration: Property 'jmeter.reportgenerator.start_date' not found, using default value 'null' instead.
2025-12-31 14:40:00,058 INFO o.a.j.r.c.ReportGeneratorConfiguration: Property 'jmeter.reportgenerator.end_date' not found, using default value 'null' instead.
2025-12-31 14:40:00,058 INFO o.a.j.r.c.ReportGeneratorConfiguration: Property 'jmeter.reportgenerator.date_format' not found, using default value 'null' instead.
2025-12-31 14:40:00,058 INFO o.a.j.r.c.ReportGeneratorConfiguration: Will use date range start date: null, end date: null
2025-12-31 14:40:00,062 INFO o.a.j.r.c.ReportGeneratorConfiguration: Property 'jmeter.reportgenerator.graph.totalTPS.exclude_controllers' not found, using default value 'false' instead.
2025-12-31 14:40:00,062 INFO o.a.j.r.c.ReportGeneratorConfiguration: Property 'jmeter.reportgenerator.graph.activeThreadsOverTime.exclude_controllers' not found, using default value 'false' instead.
2025-12-31 14:40:00,062 INFO o.a.j.r.c.ReportGeneratorConfiguration: Property 'jmeter.reportgenerator.graph.timeVsThreads.exclude_controllers' not found, using default value 'false' instead.
2025-12-31 14:40:00,062 INFO o.a.j.r.c.ReportGeneratorConfiguration: Property 'jmeter.reportgenerator.graph.responseTimeDistribution.exclude_controllers' not found, using default value 'false' instead.
2025-12-31 14:40:00,063 INFO o.a.j.r.c.ReportGeneratorConfiguration: Property 'jmeter.reportgenerator.graph.transactionsPerSecond.exclude_controllers' not found, using default value 'false' instead.
2025-12-31 14:40:00,063 INFO o.a.j.r.c.ReportGeneratorConfiguration: Property 'jmeter.reportgenerator.graph.responseTimePercentiles.exclude_controllers' not found, using default value 'false' instead.
2025-12-31 14:40:00,063 INFO o.a.j.r.c.ReportGeneratorConfiguration: Property 'jmeter.reportgenerator.graph.responseTimePercentilesOverTime.exclude_controllers' not found, using default value 'false' instead.
2025-12-31 14:40:00,063 INFO o.a.j.r.c.ReportGeneratorConfiguration: Property 'jmeter.reportgenerator.graph.responseTimesOverTime.exclude_controllers' not found, using default value 'false' instead.
2025-12-31 14:40:00,063 INFO o.a.j.r.c.ReportGeneratorConfiguration: Property 'jmeter.reportgenerator.graph.connectTimeOverTime.exclude_controllers' not found, using default value 'false' instead.
2025-12-31 14:40:00,063 INFO o.a.j.r.c.ReportGeneratorConfiguration: Property 'jmeter.reportgenerator.graph.latenciesOverTime.exclude_controllers' not found, using default value 'false' instead.
2025-12-31 14:40:00,063 INFO o.a.j.r.c.ReportGeneratorConfiguration: Property 'jmeter.reportgenerator.exporter.json.filters_only_sample_series' not found, using default value 'true' instead.
2025-12-31 14:40:00,063 INFO o.a.j.r.c.ReportGeneratorConfiguration: Property 'jmeter.reportgenerator.exporter.json.series_filter' not found, using default value '' instead.
2025-12-31 14:40:00,063 INFO o.a.j.r.c.ReportGeneratorConfiguration: Property 'jmeter.reportgenerator.exporter.json.show_controllers_only' not found, using default value 'false' instead.
2025-12-31 14:40:00,064 INFO o.a.j.r.c.ReportGeneratorConfiguration: Property 'jmeter.reportgenerator.exporter.html.filters_only_sample_series' not found, using default value 'true' instead.
2025-12-31 14:40:00,064 INFO o.a.j.r.c.ReportGeneratorConfiguration: Property 'jmeter.reportgenerator.exporter.html.series_filter' not found, using default value '' instead.
2025-12-31 14:40:00,064 INFO o.a.j.r.c.ReportGeneratorConfiguration: Property 'jmeter.reportgenerator.exporter.html.show_controllers_only' not found, using default value 'false' instead.
2025-12-31 14:40:00,170 INFO o.a.j.s.SaveService: Testplan (JMX) version: 2.2. Testlog (JTL) version: 2.2
2025-12-31 14:40:00,181 INFO o.a.j.s.SaveService: Using SaveService properties file encoding UTF-8
2025-12-31 14:40:00,185 INFO o.a.j.s.SaveService: Using SaveService properties version 5.0
2025-12-31 14:40:00,208 INFO o.a.j.r.p.NormalizerSampleConsumer: Using format, 'ms', to parse timeStamp field
2025-12-31 14:40:00,595 INFO o.a.j.r.p.AbstractSampleConsumer: class org.apache.jmeter.report.processor.AggregateConsumer#stopProducing(): beginDate produced 0 samples
2025-12-31 14:40:00,596 INFO o.a.j.r.p.AbstractSampleConsumer: class org.apache.jmeter.report.processor.AggregateConsumer#stopProducing(): endDate produced 0 samples
2025-12-31 14:40:00,597 INFO o.a.j.r.p.AbstractSampleConsumer: class org.apache.jmeter.report.processor.ApdexSummaryConsumer#stopProducing(): apdexSummary produced 0 samples
2025-12-31 14:40:00,597 INFO o.a.j.r.p.AbstractSampleConsumer: class org.apache.jmeter.report.processor.RequestsSummaryConsumer#stopProducing(): requestsSummary produced 0 samples
2025-12-31 14:40:00,601 INFO o.a.j.r.p.AbstractSampleConsumer: class org.apache.jmeter.report.processor.StatisticsSummaryConsumer#stopProducing(): statisticsSummary produced 0 samples
2025-12-31 14:40:00,605 INFO o.a.j.r.p.AbstractSampleConsumer: class org.apache.jmeter.report.processor.Top5ErrorsBySamplerConsumer#stopProducing(): top5ErrorsBySampler produced 0 samples
2025-12-31 14:40:00,605 INFO o.a.j.r.p.AbstractSampleConsumer: class org.apache.jmeter.report.processor.ErrorsSummaryConsumer#stopProducing(): errorsSummary produced 0 samples
2025-12-31 14:40:00,605 INFO o.a.j.r.p.AbstractSampleConsumer: class org.apache.jmeter.report.processor.graph.impl.HitsPerSecondGraphConsumer#stopProducing(): hitsPerSecond produced 0 samples
2025-12-31 14:40:00,618 INFO o.a.j.r.p.AbstractSampleConsumer: class org.apache.jmeter.report.processor.graph.impl.LatencyVSRequestGraphConsumer#stopProducing(): latencyVsRequest produced 0 samples
2025-12-31 14:40:00,619 INFO o.a.j.r.p.AbstractSampleConsumer: class org.apache.jmeter.report.processor.graph.impl.SyntheticResponseTimeDistributionGraphConsumer#stopProducing(): syntheticResponseTimeDistribution produced 0 samples
2025-12-31 14:40:00,619 INFO o.a.j.r.p.AbstractSampleConsumer: class org.apache.jmeter.report.processor.graph.impl.BytesThroughputGraphConsumer#stopProducing(): bytesThroughputOverTime produced 0 samples
2025-12-31 14:40:00,619 INFO o.a.j.r.p.AbstractSampleConsumer: class org.apache.jmeter.report.processor.graph.impl.CodesPerSecondGraphConsumer#stopProducing(): codesPerSecond produced 0 samples
2025-12-31 14:40:00,624 INFO o.a.j.r.p.AbstractSampleConsumer: class org.apache.jmeter.report.processor.graph.impl.ResponseTimeVSRequestGraphConsumer#stopProducing(): responseTimeVsRequest produced 0 samples
2025-12-31 14:40:00,624 INFO o.a.j.r.p.AbstractSampleConsumer: class org.apache.jmeter.report.processor.FilterConsumer#stopProducing(): startIntervalControlerFilter produced 882 samples
2025-12-31 14:40:00,624 INFO o.a.j.r.p.AbstractSampleConsumer: class org.apache.jmeter.report.processor.graph.impl.TotalTPSGraphConsumer#stopProducing(): totalTPS produced 0 samples
2025-12-31 14:40:00,625 INFO o.a.j.r.p.AbstractSampleConsumer: class org.apache.jmeter.report.processor.graph.impl.ActiveThreadsGraphConsumer#stopProducing(): activeThreadsOverTime produced 0 samples
2025-12-31 14:40:00,625 INFO o.a.j.r.p.AbstractSampleConsumer: class org.apache.jmeter.report.processor.graph.impl.TimeVSThreadGraphConsumer#stopProducing(): timeVsThreads produced 0 samples
2025-12-31 14:40:00,625 INFO o.a.j.r.p.AbstractSampleConsumer: class org.apache.jmeter.report.processor.graph.impl.ResponseTimeDistributionGraphConsumer#stopProducing(): responseTimeDistribution produced 0 samples
2025-12-31 14:40:00,625 INFO o.a.j.r.p.AbstractSampleConsumer: class org.apache.jmeter.report.processor.graph.impl.TransactionsPerSecondGraphConsumer#stopProducing(): transactionsPerSecond produced 0 samples
2025-12-31 14:40:00,625 INFO o.a.j.r.p.AbstractSampleConsumer: class org.apache.jmeter.report.processor.graph.impl.ResponseTimePercentilesGraphConsumer#stopProducing(): responseTimePercentiles produced 0 samples
2025-12-31 14:40:00,625 INFO o.a.j.r.p.AbstractSampleConsumer: class org.apache.jmeter.report.processor.graph.impl.ResponseTimePercentilesOverTimeGraphConsumer#stopProducing(): responseTimePercentilesOverTime produced 0 samples
2025-12-31 14:40:00,625 INFO o.a.j.r.p.AbstractSampleConsumer: class org.apache.jmeter.report.processor.graph.impl.ResponseTimeOverTimeGraphConsumer#stopProducing(): responseTimesOverTime produced 0 samples
2025-12-31 14:40:00,625 INFO o.a.j.r.p.AbstractSampleConsumer: class org.apache.jmeter.report.processor.graph.impl.ConnectTimeOverTimeGraphConsumer#stopProducing(): connectTimeOverTime produced 0 samples
2025-12-31 14:40:00,625 INFO o.a.j.r.p.AbstractSampleConsumer: class org.apache.jmeter.report.processor.graph.impl.LatencyOverTimeGraphConsumer#stopProducing(): latenciesOverTime produced 0 samples
2025-12-31 14:40:00,626 INFO o.a.j.r.p.AbstractSampleConsumer: class org.apache.jmeter.report.processor.FilterConsumer#stopProducing(): nameFilter produced 1890 samples
2025-12-31 14:40:00,626 INFO o.a.j.r.p.AbstractSampleConsumer: class org.apache.jmeter.report.processor.FilterConsumer#stopProducing(): dateRangeFilter produced 378 samples
2025-12-31 14:40:00,626 INFO o.a.j.r.p.AbstractSampleConsumer: class org.apache.jmeter.report.processor.NormalizerSampleConsumer#stopProducing(): normalizer produced 126 samples
2025-12-31 14:40:00,626 INFO o.a.j.r.p.CsvFileSampleSource: produce(): 126 samples produced in 394ms on channel 0
2025-12-31 14:40:00,626 INFO o.a.j.r.d.ReportGenerator: Exporting data using exporter:'json' of className:'org.apache.jmeter.report.dashboard.JsonExporter'
2025-12-31 14:40:00,708 INFO o.a.j.r.d.JsonExporter: Found data for consumer statisticsSummary?in context
2025-12-31 14:40:00,709 INFO o.a.j.r.d.JsonExporter: Creating statistics for overall
2025-12-31 14:40:00,709 INFO o.a.j.r.d.JsonExporter: Creating statistics for other transactions
2025-12-31 14:40:00,709 INFO o.a.j.r.d.JsonExporter: Checking output folder
2025-12-31 14:40:00,710 INFO o.a.j.r.d.JsonExporter: Writing statistics JSON to D:\dify_workflow\jmeter_workspace\login_126.jtl_report\statistics.json
2025-12-31 14:40:00,747 INFO o.a.j.r.d.ReportGenerator: Exporting data using exporter:'html' of className:'org.apache.jmeter.report.dashboard.HtmlTemplateExporter'
2025-12-31 14:40:00,749 INFO o.a.j.r.d.HtmlTemplateExporter: Will generate dashboard in folder: D:\dify_workflow\jmeter_workspace\login_126.jtl_report
2025-12-31 14:40:00,843 INFO o.a.j.r.d.HtmlTemplateExporter: Report will be generated in: D:\dify_workflow\jmeter_workspace\login_126.jtl_report, creating folder structure
2025-12-31 14:40:00,845 INFO o.a.j.r.d.TemplateVisitor: Copying folder from 'D:\jemeter\apache-jmeter-5.6.3\apache-jmeter-5.6.3\bin\report-template' to 'D:\dify_workflow\jmeter_workspace\login_126.jtl_report', got message: D:\dify_workflow\jmeter_workspace\login_126.jtl_report, found non empty folder with following content [D:\dify_workflow\jmeter_workspace\login_126.jtl_report\statistics.json], will be ignored
